#(c) Copyright 2012-2016 Xilinx, Inc. All Rights Reserved.
#-----------------------------------------------------------
# Tool version  : sdspfm 2017.1 SW Build 1972098 on Wed Aug 23 11:35:17 MDT 2017
# Start time    : Sat Feb 03 17:45:24 PST 2018
# Command line  : sdspfm -force -vendor Digilent -name zybo_z7_20 -version 1.0 -desc {Zybo Z7-20 platform with reVISION support} -xpr ../proj/zybo_z7_20.xpr -bd zybo_z7_20.bd -pfmtcl ./hw_pfm_gen.tcl -samples ./samples/ -o ./output/ -prebuilt ./prebuilt/ -sds-cfg -arch cortex-a9 -os linux -name Linux -id linux -rt cpp -bif ./linux/linux.bif -readme ./linux/boot/generic.readme -boot ./linux/boot/ -inc ./linux/include/xfopencv/include -image ./linux/image/ -sds-end -sds-cfg -arch cortex-a9 -os standalone -name Standalone -id standalone -rt cpp -bif ./standalone/standalone.bif -readme ./standalone/boot/generic.readme -boot ./standalone/boot/ -lscript ./standalone/lscript.ld -sds-end -sds-cfg -arch cortex-a9 -os freertos -name FreeRTOS -id freertos -rt cpp -bif ./freertos/freertos.bif -readme ./freertos/boot/generic.readme -boot ./freertos/boot/ -lscript ./freertos/lscript.ld -sds-end
# Log file      : /home/digilent/work/git/Zybo-Z7-20-base-sdsoc/sdsoc/sdspfm.log
# Journal file  : /home/digilent/work/git/Zybo-Z7-20-base-sdsoc/sdsoc/sdspfm.jou
#-----------------------------------------------------------

# INFO: [SdsPfm 83-5429] Deleted existing output directory at '/home/digilent/work/git/Zybo-Z7-20-base-sdsoc/sdsoc/output/zybo_z7_20'
mkdir /home/digilent/work/git/Zybo-Z7-20-base-sdsoc/sdsoc/output/zybo_z7_20
mkdir /home/digilent/work/git/Zybo-Z7-20-base-sdsoc/sdsoc/output/zybo_z7_20/hw
mkdir /home/digilent/work/git/Zybo-Z7-20-base-sdsoc/sdsoc/output/zybo_z7_20/sw
# INFO: [SdsPfm 83-5411] Archiving vivado project
cd /home/digilent/work/git/Zybo-Z7-20-base-sdsoc/sdsoc/.Xil
vivado -mode batch -notrace -source archive_project.tcl /home/digilent/work/git/Zybo-Z7-20-base-sdsoc/proj/zybo_z7_20.xpr
unzip -o /home/digilent/work/git/Zybo-Z7-20-base-sdsoc/sdsoc/.Xil/zybo_z7_20.xpr.zip
mv zybo_z7_20 vivado
/bin/chmod -R 777 vivado
cd /home/digilent/work/git/Zybo-Z7-20-base-sdsoc/sdsoc/.Xil/vivado
xsltproc --stringparam P_PF_NM zybo_z7_20 -o zybo_z7_20.xpr /opt/Xilinx/SDx/2017.2/scripts/xsd/cleanup_xpr.xsl zybo_z7_20.xpr
cd /home/digilent/work/git/Zybo-Z7-20-base-sdsoc/sdsoc
# INFO: [SdsPfm 83-5430] Using DSA Flow
# INFO: [SdsPfm 83-5409] Creating hardware platform XML file
cd /home/digilent/work/git/Zybo-Z7-20-base-sdsoc/sdsoc/.Xil
vivado -mode batch -notrace -source create_hw_pfm.tcl /home/digilent/work/git/Zybo-Z7-20-base-sdsoc/sdsoc/.Xil/vivado/zybo_z7_20.xpr
cp zybo_z7_20.dsa /home/digilent/work/git/Zybo-Z7-20-base-sdsoc/sdsoc/output/zybo_z7_20/hw/zybo_z7_20.dsa
cd /home/digilent/work/git/Zybo-Z7-20-base-sdsoc/sdsoc
# INFO: [SdsPfm 83-5412] Generating software platform XML file
mkdir /home/digilent/work/git/Zybo-Z7-20-base-sdsoc/sdsoc/output/zybo_z7_20/sw/linux
mkdir /home/digilent/work/git/Zybo-Z7-20-base-sdsoc/sdsoc/output/zybo_z7_20/sw/linux/boot
mkdir /home/digilent/work/git/Zybo-Z7-20-base-sdsoc/sdsoc/output/zybo_z7_20/sw/linux/qemu
cp /home/digilent/work/git/Zybo-Z7-20-base-sdsoc/sdsoc/linux/boot/generic.readme /home/digilent/work/git/Zybo-Z7-20-base-sdsoc/sdsoc/output/zybo_z7_20/sw/linux/boot
mkdir /home/digilent/work/git/Zybo-Z7-20-base-sdsoc/sdsoc/output/zybo_z7_20/sw/linux/inc
cp /home/digilent/work/git/Zybo-Z7-20-base-sdsoc/sdsoc/linux/include/xfopencv/include /home/digilent/work/git/Zybo-Z7-20-base-sdsoc/sdsoc/output/zybo_z7_20/sw/linux/inc/include
cp /home/digilent/work/git/Zybo-Z7-20-base-sdsoc/sdsoc/linux/image /home/digilent/work/git/Zybo-Z7-20-base-sdsoc/sdsoc/output/zybo_z7_20/sw/linux/image
mkdir /home/digilent/work/git/Zybo-Z7-20-base-sdsoc/sdsoc/output/zybo_z7_20/sw/standalone
mkdir /home/digilent/work/git/Zybo-Z7-20-base-sdsoc/sdsoc/output/zybo_z7_20/sw/standalone/boot
mkdir /home/digilent/work/git/Zybo-Z7-20-base-sdsoc/sdsoc/output/zybo_z7_20/sw/standalone/qemu
cp /home/digilent/work/git/Zybo-Z7-20-base-sdsoc/sdsoc/standalone/boot/generic.readme /home/digilent/work/git/Zybo-Z7-20-base-sdsoc/sdsoc/output/zybo_z7_20/sw/standalone/boot
cp /home/digilent/work/git/Zybo-Z7-20-base-sdsoc/sdsoc/standalone/lscript.ld /home/digilent/work/git/Zybo-Z7-20-base-sdsoc/sdsoc/output/zybo_z7_20/sw/standalone/lscript.ld
mkdir /home/digilent/work/git/Zybo-Z7-20-base-sdsoc/sdsoc/output/zybo_z7_20/sw/freertos
mkdir /home/digilent/work/git/Zybo-Z7-20-base-sdsoc/sdsoc/output/zybo_z7_20/sw/freertos/boot
mkdir /home/digilent/work/git/Zybo-Z7-20-base-sdsoc/sdsoc/output/zybo_z7_20/sw/freertos/qemu
cp /home/digilent/work/git/Zybo-Z7-20-base-sdsoc/sdsoc/freertos/boot/generic.readme /home/digilent/work/git/Zybo-Z7-20-base-sdsoc/sdsoc/output/zybo_z7_20/sw/freertos/boot
cp /home/digilent/work/git/Zybo-Z7-20-base-sdsoc/sdsoc/freertos/lscript.ld /home/digilent/work/git/Zybo-Z7-20-base-sdsoc/sdsoc/output/zybo_z7_20/sw/freertos/lscript.ld
# INFO: [SdsPfm 83-5414] Creating SDx platform XML file
# INFO: [SdsPfm 83-5423] Copying samples
cp /home/digilent/work/git/Zybo-Z7-20-base-sdsoc/sdsoc/samples /home/digilent/work/git/Zybo-Z7-20-base-sdsoc/sdsoc/output/zybo_z7_20/samples
# INFO: [SdsPfm 83-5423] Copying prebuilt hardware files
cp /home/digilent/work/git/Zybo-Z7-20-base-sdsoc/sdsoc/prebuilt /home/digilent/work/git/Zybo-Z7-20-base-sdsoc/sdsoc/output/zybo_z7_20/sw
# sdspfm completed at Sat Feb 03 17:48:19 PST 2018
